// Jest Snapshot v1, https://goo.gl/fbAQLP

exports[`validation 1`] = `
"JSON5 Loader Invalid Options

options should NOT have additional properties
"
`;
